---
http_interactions:
- request:
    method: get
    uri: https://nh7b1g9g23.execute-api.us-west-2.amazonaws.com/dev/cats/json
    body:
      encoding: US-ASCII
      string: ''
    headers:
      Accept:
      - "*/*"
      User-Agent:
      - rest-client/2.1.0 (darwin19.0.0 x86_64) ruby/2.6.3p62
      Accept-Encoding:
      - gzip;q=1.0,deflate;q=0.6,identity;q=0.3
      Host:
      - nh7b1g9g23.execute-api.us-west-2.amazonaws.com
  response:
    status:
      code: 500
      message: Internal Server Error
    headers:
      Content-Type:
      - application/json
      Content-Length:
      - '2018'
      Connection:
      - keep-alive
      Date:
      - Sun, 11 Jul 2021 08:34:29 GMT
      X-Amzn-Requestid:
      - 552b05f9-d811-422d-8e93-0fb7c4b3feb2
      Access-Control-Allow-Origin:
      - "*"
      X-Amz-Apigw-Id:
      - CS_7bGVqPHcFWwA=
      X-Amzn-Trace-Id:
      - Root=1-60eaad15-0b9a9e9b5de7cc9179c01ed4;Sampled=0
      X-Cache:
      - Miss from cloudfront
      Via:
      - 1.1 3bf3e75bcb9a86b3eb343a1d4392a6df.cloudfront.net (CloudFront)
      X-Amz-Cf-Pop:
      - FRA2-C1
      X-Amz-Cf-Id:
      - ujkzafdOwiTAUkZvsZC7KlsZrTjRRV5qpSzmbnBQjyWPk4_j2myDrA==
    body:
      encoding: UTF-8
      string: "Something went wrong"
  recorded_at: Sun, 11 Jul 2021 08:34:29 GMT
- request:
    method: get
    uri: https://nh7b1g9g23.execute-api.us-west-2.amazonaws.com/dev/cats/xml
    body:
      encoding: US-ASCII
      string: ''
    headers:
      Accept:
      - "*/*"
      User-Agent:
      - rest-client/2.1.0 (darwin19.0.0 x86_64) ruby/2.6.3p62
      Accept-Encoding:
      - gzip;q=1.0,deflate;q=0.6,identity;q=0.3
      Host:
      - nh7b1g9g23.execute-api.us-west-2.amazonaws.com
  response:
    status:
      code: 404
      message: Not Found
    headers:
      Content-Type:
      - application/json
      Content-Length:
      - '2131'
      Connection:
      - keep-alive
      Date:
      - Sun, 11 Jul 2021 08:38:58 GMT
      X-Amzn-Requestid:
      - f358a9d9-b8ac-45c5-aae6-7bb421eefc33
      Access-Control-Allow-Origin:
      - "*"
      X-Amz-Apigw-Id:
      - CTAlYHlsvHcFv2g=
      X-Amzn-Trace-Id:
      - Root=1-60eaae22-07561cdd33e0600126f620f9;Sampled=0
      X-Cache:
      - Miss from cloudfront
      Via:
      - 1.1 c7f7b4cf7fd5efe64bac95586db3f62b.cloudfront.net (CloudFront)
      X-Amz-Cf-Pop:
      - FRA2-C1
      X-Amz-Cf-Id:
      - 2-FGkt1VWHqmU1f9QueENsmqhpaYmSlZ_X_zGSmwmn4I-ciyJB2uxg==
    body:
      encoding: UTF-8
      string: Something went wrong
  recorded_at: Sun, 11 Jul 2021 08:38:58 GMT
- request:
    method: get
    uri: https://nh7b1g9g23.execute-api.us-west-2.amazonaws.com/dev/cats/xml
    body:
      encoding: US-ASCII
      string: ''
    headers:
      User-Agent:
      - Faraday v1.5.0
      Accept-Encoding:
      - gzip;q=1.0,deflate;q=0.6,identity;q=0.3
      Accept:
      - "*/*"
  response:
    status:
      code: 200
      message: OK
    headers:
      Content-Type:
      - application/json
      Content-Length:
      - '2131'
      Connection:
      - keep-alive
      Date:
      - Sun, 11 Jul 2021 08:52:09 GMT
      X-Amzn-Requestid:
      - c4dd7d0f-5752-4c12-95a2-da45ab485b73
      Access-Control-Allow-Origin:
      - "*"
      X-Amz-Apigw-Id:
      - CTCg8EDsvHcFfXA=
      X-Amzn-Trace-Id:
      - Root=1-60eab138-638775af147ab34a38e520b6;Sampled=0
      X-Cache:
      - Miss from cloudfront
      Via:
      - 1.1 ba5b5e2e7fd98c4a472633bc4c1d4480.cloudfront.net (CloudFront)
      X-Amz-Cf-Pop:
      - FRA2-C1
      X-Amz-Cf-Id:
      - doGaAjAshIlm79pZFcCROOZukh8XJniCuv6YH8QFIuSy3lnGmNpamQ==
    body:
      encoding: UTF-8
      string: <?xml version="1.0" encoding="UTF-8"?><cats><cat><title>American Curl</title><cost>650</cost><location>Odessa</location><img>https://olxua-ring07.akamaized.net/images_slandocomua/113528769_3_1000x700_amerikanskie-kerly-koshki-s-chelovecheskim-litsom-koshka-kompanon-koti_rev022.jpg</img></cat><cat><title>Bengal</title><cost>800</cost><location>Odessa</location><img>https://olxua-ring01.akamaized.net/images_slandocomua/351717184_8_1000x700_bengalskie-kotyata-_rev029.jpg</img></cat><cat><title>Bengal</title><cost>600</cost><location>Kyiv</location><img>https://olxua-ring10.akamaized.net/images_slandocomua/496811712_5_1000x700_bengalyata-kievskaya-oblast.jpg</img></cat><cat><title>Bobtail</title><cost>369</cost><location>Kyiv</location><img>https://olxua-ring09.akamaized.net/images_slandocomua/313223928_1_1000x700_prodam-kotyat-kurilskogo-bobteyla-nikopol.jpg</img></cat><cat><title>Devon
        Rex</title><cost>120</cost><location>Kharkiv</location><img>https://olxua-ring02.akamaized.net/images_slandocomua/408892502_8_1000x700_malchiki-devon-reksa-drx-a-24-blue-tabby-_rev004.jpg</img></cat><cat><title>Grumpy</title><cost>500</cost><location>Lviv</location><img>https://images-production.global.ssl.fastly.net/uploads/posts/image/47360/grumpy-cat.jpg</img></cat><cat><title>Maine
        Coon</title><cost>650</cost><location>Lviv</location><img>https://olxua-ring08.akamaized.net/images_slandocomua/273255938_8_1000x700_kotyata-meyn-kun-ot-chempiona-mira-iz-elitnogo-pitomnika-_rev032.jpg</img></cat><cat><title>Sphynx</title><cost>250</cost><location>Odessa</location><img>https://olxua-ring11.akamaized.net/images_slandocomua/478774802_2_1000x700_predlagayu-malchikov-porody-donskih-sfinksov-fotografii.jpg</img></cat><cat><title>Persian</title><cost>100</cost><location>Kharkiv</location><img>https://olxua-ring02.akamaized.net/images_slandocomua/499773040_3_1000x700_persidskiy-dlinnosherstnyy-malchik-radik-koshki.jpg</img></cat><cat><title>Siamese</title><cost>40</cost><location>Kharkiv</location><img>https://olxua-ring05.akamaized.net/images_slandocomua/500276292_1_1000x700_kot-po-imeni-tom-borispol.jpg</img></cat></cats>
  recorded_at: Sun, 11 Jul 2021 08:52:09 GMT
recorded_with: VCR 6.0.0
