---
http_interactions:
- request:
    method: get
    uri: https://nh7b1g9g23.execute-api.us-west-2.amazonaws.com/dev/cats/json
    body:
      encoding: US-ASCII
      string: ''
    headers:
      Accept:
      - "*/*"
      User-Agent:
      - rest-client/2.1.0 (darwin20 x86_64) ruby/3.0.1p64
      Accept-Encoding:
      - gzip;q=1.0,deflate;q=0.6,identity;q=0.3
      Host:
      - nh7b1g9g23.execute-api.us-west-2.amazonaws.com
  response:
    status:
      code: 500
      message: Internal Server Error
    headers:
    body:
      encoding: UTF-8
      string: 'Internal Server Error'
  recorded_at: Sun, 25 Jul 2021 15:41:59 GMT
- request:
    method: get
    uri: https://nh7b1g9g23.execute-api.us-west-2.amazonaws.com/dev/cats/json
    body:
      encoding: US-ASCII
      string: ''
    headers:
      Accept:
      - "*/*"
      User-Agent:
      - rest-client/2.1.0 (darwin20 x86_64) ruby/3.0.1p64
      Accept-Encoding:
      - gzip;q=1.0,deflate;q=0.6,identity;q=0.3
      Host:
      - nh7b1g9g23.execute-api.us-west-2.amazonaws.com
  response:
    status:
      code: 500
      message: Internal Server Error
    headers:
    body:
      encoding: UTF-8
      string: 'Internal Server Error'
  recorded_at: Sun, 25 Jul 2021 15:41:59 GMT
- request:
    method: get
    uri: https://nh7b1g9g23.execute-api.us-west-2.amazonaws.com/dev/cats/json
    body:
      encoding: US-ASCII
      string: ''
    headers:
      Accept:
      - "*/*"
      User-Agent:
      - rest-client/2.1.0 (darwin20 x86_64) ruby/3.0.1p64
      Accept-Encoding:
      - gzip;q=1.0,deflate;q=0.6,identity;q=0.3
      Host:
      - nh7b1g9g23.execute-api.us-west-2.amazonaws.com
  response:
    status:
      code: 200
      message: OK
    headers:
      Content-Type:
      - application/json
      Content-Length:
      - '2018'
      Connection:
      - keep-alive
      Date:
      - Sun, 25 Jul 2021 15:41:59 GMT
      X-Amzn-Requestid:
      - 5dca83a7-243f-40f3-98fb-7be212cb43c1
      Access-Control-Allow-Origin:
      - "*"
      X-Amz-Apigw-Id:
      - DCHrOHeavHcFjIQ=
      X-Amzn-Trace-Id:
      - Root=1-60fd8647-06c73f084208765c1f3fd928;Sampled=0
      X-Cache:
      - Miss from cloudfront
      Via:
      - 1.1 93ca7f89577bcc406284a7bbde241b21.cloudfront.net (CloudFront)
      X-Amz-Cf-Pop:
      - WAW50-C1
      X-Amz-Cf-Id:
      - 4lOkUZv34iSHZhej2qeVM0e3Bo1Sz0XABusk-Fe3Fuh5ONANX1Uk3Q==
    body:
      encoding: UTF-8
      string: '[{"name":"Abyssin","price":500,"location":"Lviv","image":"https://olxua-ring02.akamaized.net/images_slandocomua/476948786_2_1000x700_abissenysh-chempion-fotografii.jpg"},{"name":"Abyssin","price":"550","location":"Lviv","image":"https://olxua-ring10.akamaized.net/images_slandocomua/342850976_3_1000x700_abidetki-koti_rev006.jpg"},{"name":"American
        Curl","price":450,"location":"Odessa","image":"https://olxua-ring07.akamaized.net/images_slandocomua/113528769_3_1000x700_amerikanskie-kerly-koshki-s-chelovecheskim-litsom-koshka-kompanon-koti_rev022.jpg"},{"name":"Bengal","price":700,"location":"Kyiv","image":"https://olxua-ring10.akamaized.net/images_slandocomua/496811712_5_1000x700_bengalyata-kievskaya-oblast.jpg"},{"name":"Bobtail","price":349,"location":"Kyiv","image":"https://olxua-ring09.akamaized.net/images_slandocomua/313223928_1_1000x700_prodam-kotyat-kurilskogo-bobteyla-nikopol.jpg"},{"name":"British
        Shorthair","price":350,"location":"Kyiv","image":"https://olxua-ring09.akamaized.net/images_slandocomua/502753684_1_1000x700_shotladskie-kotyata-kiev.jpg"},{"name":"Devon
        Rex","price":100,"location":"Kharkiv","image":"https://olxua-ring02.akamaized.net/images_slandocomua/408892502_8_1000x700_malchiki-devon-reksa-drx-a-24-blue-tabby-_rev004.jpg"},{"name":"Maine
        Coon","price":650,"location":"Lviv","image":"https://olxua-ring08.akamaized.net/images_slandocomua/273255938_8_1000x700_kotyata-meyn-kun-ot-chempiona-mira-iz-elitnogo-pitomnika-_rev032.jpg"},{"name":"Sphynx","price":230,"location":"Odessa","image":"https://olxua-ring11.akamaized.net/images_slandocomua/478774802_2_1000x700_predlagayu-malchikov-porody-donskih-sfinksov-fotografii.jpg"},{"name":"Persian","price":120,"location":"Odessa","image":"https://olxua-ring05.akamaized.net/images_slandocomua/501982388_1_1000x700_devochka-serebristaya-shinshila-harkov_rev002.jpg"},{"name":"Siamese","price":20,"location":"Kharkiv","image":"https://olxua-ring05.akamaized.net/images_slandocomua/500276292_1_1000x700_kot-po-imeni-tom-borispol.jpg"}]'
  recorded_at: Sun, 25 Jul 2021 15:41:59 GMT
recorded_with: VCR 6.0.0
